// Jest Snapshot v1, https://goo.gl/fbAQLP

exports[`CreateChonkForm component renders CreateChonkForm 1`] = `
<DocumentFragment>
  <form>
    <h2>
      Create a new chonk!
    </h2>
    <input
      name="name"
      type="text"
      value=""
    />
    <input
      name="weight"
      type="number"
      value="1"
    />
    <input
      name="description"
      type="text"
      value=""
    />
    <input
      name="imageUrl"
      type="text"
      value=""
    />
    <button>
      Submit Chonk
    </button>
  </form>
</DocumentFragment>
`;
