// Jest Snapshot v1, https://goo.gl/fbAQLP

exports[`App component renders App 1`] = `
<DocumentFragment>
  <form>
    <h2>
      Create a new chonk!
    </h2>
    <label
      for="chonk-name"
    >
      Chonk Name
    </label>
    <input
      name="name"
      type="text"
      value=""
    />
    <label
      for="chonk-weight"
    >
      Chonk Weight
    </label>
    <input
      name="weight"
      type="number"
      value="1"
    />
    <label
      for="chonk-description"
    >
      Chonk Description
    </label>
    <input
      name="description"
      type="text"
      value=""
    />
    <label
      for="chonk-image"
    >
      Chonk Image Url
    </label>
    <input
      name="imageUrl"
      type="text"
      value=""
    />
    <button>
      Submit Chonk
    </button>
  </form>
  <ul />
</DocumentFragment>
`;
